
There are no discarded input sections

Memory Configuration

Name             Origin             Length             Attributes
FLASH            0x08000000         0x00200000         xr
RAM              0x20000000         0x00030000         xrw
*default*        0x00000000         0xffffffff

Linker script and memory map

LOAD scheduler.o
LOAD pendsv.o
                0x20030000                        _estack = (ORIGIN (RAM) + LENGTH (RAM))
                0x08000b78                        _sidata = LOADADDR (.data)

.isr_vector     0x08000000       0x5c
 *(.isr_vector)
 .isr_vector    0x08000000       0x5c scheduler.o
                0x08000000                vector_table

.text           0x0800005c      0xb1c
 *(.text*)
 .text          0x0800005c      0x9bc scheduler.o
                0x0800055e                systick_handler
                0x08000590                exti0_handler
                0x080005ec                default_handler
                0x080008b4                main
                0x080009bc                reset_handler
 .text          0x08000a18       0x44 pendsv.o
                0x08000a18                pendsv_handler
                0x08000a42                start_first_task
 *(.rodata*)
 .rodata        0x08000a5c      0x11c scheduler.o

.glue_7         0x08000b78        0x0
 .glue_7        0x08000b78        0x0 linker stubs

.glue_7t        0x08000b78        0x0
 .glue_7t       0x08000b78        0x0 linker stubs

.vfp11_veneer   0x08000b78        0x0
 .vfp11_veneer  0x08000b78        0x0 linker stubs

.v4_bx          0x08000b78        0x0
 .v4_bx         0x08000b78        0x0 linker stubs

.iplt           0x08000b78        0x0
 .iplt          0x08000b78        0x0 scheduler.o

.rel.dyn        0x08000b78        0x0
 .rel.iplt      0x08000b78        0x0 scheduler.o

.data           0x20000000        0x4 load address 0x08000b78
                0x20000000                        _sdata = .
 *(.data*)
 .data          0x20000000        0x4 scheduler.o
                0x20000000                blink_delay
 .data          0x20000004        0x0 pendsv.o
                0x20000004                        . = ALIGN (0x4)
                0x20000004                        _edata = .

.igot.plt       0x20000004        0x0 load address 0x08000b7c
 .igot.plt      0x20000004        0x0 scheduler.o

.bss            0x20000004     0x1024 load address 0x08000b7c
                0x20000004                        _sbss = .
 *(.bss*)
 .bss           0x20000004     0x1024 scheduler.o
                0x20000004                ticks
                0x20000008                presses
                0x2000000c                tcbs
                0x2000001c                stacks
                0x2000101c                current
 .bss           0x20001028        0x0 pendsv.o
 *(COMMON)
                0x20001028                        . = ALIGN (0x4)
                0x20001028                        _ebss = .
OUTPUT(scheduler.elf elf32-littlearm)
LOAD linker stubs

.debug_info     0x00000000      0x729
 .debug_info    0x00000000      0x705 scheduler.o
 .debug_info    0x00000705       0x24 pendsv.o

.debug_abbrev   0x00000000      0x305
 .debug_abbrev  0x00000000      0x2f1 scheduler.o
 .debug_abbrev  0x000002f1       0x14 pendsv.o

.debug_aranges  0x00000000       0x40
 .debug_aranges
                0x00000000       0x20 scheduler.o
 .debug_aranges
                0x00000020       0x20 pendsv.o

.debug_line     0x00000000      0x656
 .debug_line    0x00000000      0x5f8 scheduler.o
 .debug_line    0x000005f8       0x5e pendsv.o

.debug_str      0x00000000      0x324
 .debug_str     0x00000000      0x324 scheduler.o
                                0x36c (size before relaxing)
 .debug_str     0x00000324       0x5b pendsv.o

.comment        0x00000000       0x45
 .comment       0x00000000       0x45 scheduler.o
                                 0x46 (size before relaxing)

.ARM.attributes
                0x00000000       0x2c
 .ARM.attributes
                0x00000000       0x2e scheduler.o
 .ARM.attributes
                0x0000002e       0x21 pendsv.o

.debug_frame    0x00000000      0x3b0
 .debug_frame   0x00000000      0x3b0 scheduler.o

.debug_line_str
                0x00000000       0x4d
 .debug_line_str
                0x00000000       0x4d pendsv.o
