
There are no discarded input sections

Memory Configuration

Name             Origin             Length             Attributes
FLASH            0x08000000         0x00200000         xr
RAM              0x20000000         0x00030000         xrw
*default*        0x00000000         0xffffffff

Linker script and memory map

LOAD uart.o
                0x20030000                        _estack = (ORIGIN (RAM) + LENGTH (RAM))
                0x08000438                        _sidata = LOADADDR (.data)

.isr_vector     0x08000000        0x8
 *(.isr_vector)
 .isr_vector    0x08000000        0x8 uart.o
                0x08000000                vector_table

.text           0x08000008      0x42d
 *(.text*)
 .text          0x08000008      0x3c8 uart.o
                0x08000296                main
                0x08000374                reset_handler
 *(.rodata*)
 .rodata        0x080003d0       0x65 uart.o

.glue_7         0x08000438        0x0
 .glue_7        0x08000438        0x0 linker stubs

.glue_7t        0x08000438        0x0
 .glue_7t       0x08000438        0x0 linker stubs

.vfp11_veneer   0x08000438        0x0
 .vfp11_veneer  0x08000438        0x0 linker stubs

.v4_bx          0x08000438        0x0
 .v4_bx         0x08000438        0x0 linker stubs

.iplt           0x08000438        0x0
 .iplt          0x08000438        0x0 uart.o

.rel.dyn        0x08000438        0x0
 .rel.iplt      0x08000438        0x0 uart.o

.data           0x20000000        0x4 load address 0x08000438
                0x20000000                        _sdata = .
 *(.data*)
 .data          0x20000000        0x4 uart.o
                0x20000000                blink_delay
                0x20000004                        . = ALIGN (0x4)
                0x20000004                        _edata = .

.igot.plt       0x20000004        0x0 load address 0x0800043c
 .igot.plt      0x20000004        0x0 uart.o

.bss            0x20000004        0x8 load address 0x0800043c
                0x20000004                        _sbss = .
 *(.bss*)
 .bss           0x20000004        0x8 uart.o
                0x20000004                press_count
                0x20000008                bss_check
 *(COMMON)
                0x2000000c                        . = ALIGN (0x4)
                0x2000000c                        _ebss = .
OUTPUT(uart.elf elf32-littlearm)
LOAD linker stubs

.debug_info     0x00000000      0x2dc
 .debug_info    0x00000000      0x2dc uart.o

.debug_abbrev   0x00000000      0x163
 .debug_abbrev  0x00000000      0x163 uart.o

.debug_aranges  0x00000000       0x20
 .debug_aranges
                0x00000000       0x20 uart.o

.debug_line     0x00000000      0x31c
 .debug_line    0x00000000      0x31c uart.o

.debug_str      0x00000000      0x1a7
 .debug_str     0x00000000      0x1a7 uart.o
                                0x1f7 (size before relaxing)

.comment        0x00000000       0x45
 .comment       0x00000000       0x45 uart.o
                                 0x46 (size before relaxing)

.ARM.attributes
                0x00000000       0x2e
 .ARM.attributes
                0x00000000       0x2e uart.o

.debug_frame    0x00000000      0x150
 .debug_frame   0x00000000      0x150 uart.o
